exports[`test Flatbutton renders correctly 1`] = `
<View
  style={
    Object {
      "backgroundColor": "rgba(0,0,0,0)",
    }
  }>
  <View
    onLayout={[Function]}
    onMoveShouldSetResponder={[Function]}
    onMoveShouldSetResponderCapture={[Function]}
    onResponderEnd={[Function]}
    onResponderGrant={[Function]}
    onResponderMove={[Function]}
    onResponderReject={[Function]}
    onResponderRelease={[Function]}
    onResponderStart={[Function]}
    onResponderTerminate={[Function]}
    onResponderTerminationRequest={[Function]}
    onStartShouldSetResponder={[Function]}
    onStartShouldSetResponderCapture={[Function]}
    style={
      Array [
        Object {
          "borderRadius": 2,
          "overflow": "hidden",
        },
        Array [
          Object {
            "alignItems": "center",
            "flexDirection": "row",
            "justifyContent": "center",
            "paddingBottom": 8,
            "paddingLeft": 16,
            "paddingRight": 16,
            "paddingTop": 8,
          },
        ],
      ]
    }>
    <View
      onMoveShouldSetResponder={[Function]}
      onMoveShouldSetResponderCapture={[Function]}
      onResponderEnd={[Function]}
      onResponderGrant={[Function]}
      onResponderMove={[Function]}
      onResponderReject={[Function]}
      onResponderRelease={[Function]}
      onResponderStart={[Function]}
      onResponderTerminate={[Function]}
      onResponderTerminationRequest={[Function]}
      onStartShouldSetResponder={[Function]}
      onStartShouldSetResponderCapture={[Function]}>
      <Text
        accessible={true}
        allowFontScaling={true}
        ellipsizeMode="tail"
        style={
          Object {
            "color": "rgba(0, 0, 0, 0.87)",
            "fontSize": 14,
          }
        }>
        Flat Button
      </Text>
    </View>
    <View
      style={
        Object {
          "backgroundColor": "rgba(0, 0, 0, 0.04349999999999998)",
          "bottom": 0,
          "left": 0,
          "opacity": 0,
          "overflow": "hidden",
          "position": "absolute",
          "right": 0,
          "top": 0,
        }
      } />
    <View
      style={
        Object {
          "backgroundColor": "rgba(0, 0, 0, 0.08699999999999997)",
          "borderRadius": 2000,
          "bottom": 0,
          "height": 0,
          "left": 0,
          "marginLeft": 0,
          "marginTop": 0,
          "opacity": 1,
          "position": "absolute",
          "right": 0,
          "top": 0,
          "width": 0,
        }
      } />
  </View>
</View>
`;
